MPLINK 5.08, LINKER
Linker Map File - Created Thu Jun 29 18:22:04 2017

                                 Section Info
                  Section       Type    Address   Location Size(Bytes)
                ---------  ---------  ---------  ---------  ---------
                   .org_0       code   0x000000    program   0x000002
                   .cinit    romdata   0x000001    program   0x000004
                   .org_1       code   0x000004    program   0x00007a



                              Program Memory Usage 
                               Start         End      
                           ---------   ---------      
                            0x000000    0x000002      
                            0x000004    0x000040      
            64 out of 8454 program addresses used, program memory utilization is 0%



                              Symbols - Sorted by Name
                     Name    Address   Location    Storage File                     
                ---------  ---------  ---------  --------- ---------                
                    delay   0x00002d    program     static ../PropellorClock.asm    
                delay50ms   0x00003b    program     static ../PropellorClock.asm    
                  display   0x00001e    program     static ../PropellorClock.asm    
                  endword   0x000037    program     static ../PropellorClock.asm    
                      isr   0x00003f    program     static ../PropellorClock.asm    
                     loop   0x000014    program     static ../PropellorClock.asm    
                    loop1   0x00002f    program     static ../PropellorClock.asm    
                    loop2   0x000031    program     static ../PropellorClock.asm    
                     main   0x000005    program     static ../PropellorClock.asm    



                              Symbols - Sorted by Address
                     Name    Address   Location    Storage File                     
                ---------  ---------  ---------  --------- ---------                
                     main   0x000005    program     static ../PropellorClock.asm    
                     loop   0x000014    program     static ../PropellorClock.asm    
                  display   0x00001e    program     static ../PropellorClock.asm    
                    delay   0x00002d    program     static ../PropellorClock.asm    
                    loop1   0x00002f    program     static ../PropellorClock.asm    
                    loop2   0x000031    program     static ../PropellorClock.asm    
                  endword   0x000037    program     static ../PropellorClock.asm    
                delay50ms   0x00003b    program     static ../PropellorClock.asm    
                      isr   0x00003f    program     static ../PropellorClock.asm    


